> Task :app:preBuild UP-TO-DATE
> Task :app:preDebugBuild UP-TO-DATE
> Task :app:mergeDebugNativeDebugMetadata NO-SOURCE
> Task :app:checkKotlinGradlePluginConfigurationErrors SKIPPED
> Task :app:checkDebugAarMetadata UP-TO-DATE
> Task :app:processDebugNavigationResources UP-TO-DATE
> Task :app:compileDebugNavigationResources UP-TO-DATE
> Task :app:generateDebugResValues UP-TO-DATE
> Task :app:mapDebugSourceSetPaths UP-TO-DATE
> Task :app:generateDebugResources UP-TO-DATE
> Task :app:mergeDebugResources UP-TO-DATE
> Task :app:packageDebugResources UP-TO-DATE
> Task :app:parseDebugLocalResources UP-TO-DATE
> Task :app:createDebugCompatibleScreenManifests UP-TO-DATE
> Task :app:extractDeepLinksDebug UP-TO-DATE
> Task :app:processDebugMainManifest
> Task :app:processDebugManifest
> Task :app:javaPreCompileDebug UP-TO-DATE
> Task :app:mergeDebugShaders UP-TO-DATE
> Task :app:compileDebugShaders NO-SOURCE
> Task :app:generateDebugAssets UP-TO-DATE
> Task :app:mergeDebugAssets UP-TO-DATE
> Task :app:compressDebugAssets UP-TO-DATE
> Task :app:desugarDebugFileDependencies UP-TO-DATE
> Task :app:checkDebugDuplicateClasses UP-TO-DATE
> Task :app:mergeExtDexDebug UP-TO-DATE
> Task :app:mergeLibDexDebug UP-TO-DATE
> Task :app:mergeDebugJniLibFolders UP-TO-DATE
> Task :app:mergeDebugNativeLibs UP-TO-DATE
> Task :app:stripDebugDebugSymbols UP-TO-DATE
> Task :app:validateSigningDebug UP-TO-DATE
> Task :app:writeDebugAppMetadata UP-TO-DATE
> Task :app:writeDebugSigningConfigVersions UP-TO-DATE
> Task :app:processDebugManifestForPackage
> Task :app:processDebugResources

> Task :app:kaptGenerateStubsDebugKotlin
w: Kapt currently doesn't support language version 2.0+. Falling back to 1.9.

> Task :app:kaptDebugKotlin

> Task :app:compileDebugKotlin
w: file:///C:/Users/Luiza%20Rehbein/Documents/pettracker/app/src/main/java/com/lutireh/pettracker/MainActivity.kt:88:61 'val Icons.Filled.ListAlt: ImageVector' is deprecated. Use the AutoMirrored version at Icons.AutoMirrored.Filled.ListAlt.
w: file:///C:/Users/Luiza%20Rehbein/Documents/pettracker/app/src/main/java/com/lutireh/pettracker/presentation/HomeScreen.kt:168:40 'val Icons.Filled.DirectionsWalk: ImageVector' is deprecated. Use the AutoMirrored version at Icons.AutoMirrored.Filled.DirectionsWalk.
w: file:///C:/Users/Luiza%20Rehbein/Documents/pettracker/app/src/main/java/com/lutireh/pettracker/presentation/pet/PetDetailsScreen.kt:61:44 'val Icons.Filled.ArrowBack: ImageVector' is deprecated. Use the AutoMirrored version at Icons.AutoMirrored.Filled.ArrowBack.
w: file:///C:/Users/Luiza%20Rehbein/Documents/pettracker/app/src/main/java/com/lutireh/pettracker/presentation/pet/PetDetailsScreen.kt:216:40 'val Icons.Filled.DirectionsWalk: ImageVector' is deprecated. Use the AutoMirrored version at Icons.AutoMirrored.Filled.DirectionsWalk.
w: file:///C:/Users/Luiza%20Rehbein/Documents/pettracker/app/src/main/java/com/lutireh/pettracker/presentation/pet/PetEditScreen.kt:58:43 'val Icons.Filled.ArrowBack: ImageVector' is deprecated. Use the AutoMirrored version at Icons.AutoMirrored.Filled.ArrowBack.
w: file:///C:/Users/Luiza%20Rehbein/Documents/pettracker/app/src/main/java/com/lutireh/pettracker/presentation/task/GlobalTasksScreen.kt:182:40 'val Icons.Filled.DirectionsWalk: ImageVector' is deprecated. Use the AutoMirrored version at Icons.AutoMirrored.Filled.DirectionsWalk.
w: file:///C:/Users/Luiza%20Rehbein/Documents/pettracker/app/src/main/java/com/lutireh/pettracker/presentation/task/ManageTasksScreen.kt:66:44 'val Icons.Filled.ArrowBack: ImageVector' is deprecated. Use the AutoMirrored version at Icons.AutoMirrored.Filled.ArrowBack.
w: file:///C:/Users/Luiza%20Rehbein/Documents/pettracker/app/src/main/java/com/lutireh/pettracker/presentation/task/ManageTasksScreen.kt:171:40 'val Icons.Filled.DirectionsWalk: ImageVector' is deprecated. Use the AutoMirrored version at Icons.AutoMirrored.Filled.DirectionsWalk.
w: file:///C:/Users/Luiza%20Rehbein/Documents/pettracker/app/src/main/java/com/lutireh/pettracker/presentation/task/TaskFormScreen.kt:139:26 'fun Modifier.menuAnchor(): Modifier' is deprecated. Use overload that takes ExposedDropdownMenuAnchorType and enabled parameters.
w: file:///C:/Users/Luiza%20Rehbein/Documents/pettracker/app/src/main/java/com/lutireh/pettracker/presentation/task/TaskFormScreen.kt:176:26 'fun Modifier.menuAnchor(): Modifier' is deprecated. Use overload that takes ExposedDropdownMenuAnchorType and enabled parameters.
w: file:///C:/Users/Luiza%20Rehbein/Documents/pettracker/app/src/main/java/com/lutireh/pettracker/presentation/task/TaskSummaryDialog.kt:40:40 'val Icons.Filled.DirectionsWalk: ImageVector' is deprecated. Use the AutoMirrored version at Icons.AutoMirrored.Filled.DirectionsWalk.

> Task :app:compileDebugJavaWithJavac
> Task :app:hiltAggregateDepsDebug UP-TO-DATE
> Task :app:hiltJavaCompileDebug
> Task :app:processDebugJavaRes UP-TO-DATE
> Task :app:mergeDebugJavaResource UP-TO-DATE
> Task :app:transformDebugClassesWithAsm
> Task :app:dexBuilderDebug
> Task :app:mergeDebugGlobalSynthetics UP-TO-DATE
> Task :app:mergeProjectDexDebug
> Task :app:packageDebug
> Task :app:createDebugApkListingFileRedirect
> Task :app:assembleDebug

BUILD SUCCESSFUL in 28s
43 actionable tasks: 14 executed, 29 up-to-date
